<html>
<body>
<pre>
<h1>µVision Build Log</h1>
<h2>Tool Versions:</h2>
IDE-Version: ¦ÌVision V5.36.0.0
Copyright (C) 2021 ARM Ltd and ARM Germany GmbH. All rights reserved.
License Information: hu qianlong, ji, LIC=JL28G-VK94L-8TD3P-MFPT9-5SI4D-VJYKE
 
Tool Versions:
Toolchain:       MDK-ARM Plus  Version: 5.36.0.0
Toolchain Path:  C:\Keil_v5\ARM\ARMCC\Bin
C Compiler:      Armcc.exe V5.06 update 7 (build 960)
Assembler:       Armasm.exe V5.06 update 7 (build 960)
Linker/Locator:  ArmLink.exe V5.06 update 7 (build 960)
Library Manager: ArmAr.exe V5.06 update 7 (build 960)
Hex Converter:   FromElf.exe V5.06 update 7 (build 960)
CPU DLL:         SARMCM3.DLL V5.36.0.0
Dialog DLL:      DCM.DLL V1.17.3.0
Target DLL:      CMSIS_AGDI.dll V1.33.0.0
Dialog DLL:      TCM.DLL V1.53.0.0
 
<h2>Project:</h2>
E:\rtospro\dht11huawei5\MDK-ARM\begin.uvprojx
Project File Date:  01/15/2026

<h2>Output:</h2>
*** Using Compiler 'V5.06 update 7 (build 960)', folder: 'C:\Keil_v5\ARM\ARMCC\Bin'
Rebuild target 'begin'
assembling startup_stm32f103xe.s...
compiling stm32f1xx_it.c...
compiling stm32f1xx_hal_rcc_ex.c...
compiling main.c...
../mycode/esp8266.h(23): warning:  #1-D: last line of file ends without a newline
  #endif
../Core/Src/main.c: 1 warning, 0 errors
compiling stm32f1xx_hal_tim_ex.c...
compiling gpio.c...
compiling dht11.c...
compiling usart.c...
compiling stm32f1xx_hal_gpio.c...
compiling esp8266.c...
..\mycode\esp8266.h(23): warning:  #1-D: last line of file ends without a newline
  #endif
..\mycode\esp8266.c(67): warning:  #223-D: function "uart_print" declared implicitly
      uart_print(&huart1, "Initializing ESP8266...");
..\mycode\esp8266.c(110): warning:  #223-D: function "uart_print" declared implicitly
  	uart_print(esp8266_huart, "AT+MQTTPUB=0,\"$oc/devices/6967434b25dd2168b6ffeabd_jiuhusi_0_0_2026011507/sys/properties/report\",\"{\\\"services\\\":[{\\\"service_id\\\":\\\"sh\\\"\\,\\\"properties\\\":{\\\"wendu\\\": %d\\,\\\"shidu\\\": %d}}]}\",0,0\r\n",temperature, humidity);
..\mycode\esp8266.c(111): warning:  #1-D: last line of file ends without a newline
  }
..\mycode\esp8266.c(8): warning:  #177-D: function "ESP8266_Delay"  was declared but never referenced
  static void ESP8266_Delay(uint32_t ms) {
..\mycode\esp8266.c: 5 warnings, 0 errors
compiling stm32f1xx_hal_msp.c...
compiling stm32f1xx_hal.c...
compiling stm32f1xx_hal_tim.c...
compiling stm32f1xx_hal_gpio_ex.c...
compiling stm32f1xx_hal_rcc.c...
compiling stm32f1xx_hal_uart.c...
compiling stm32f1xx_hal_cortex.c...
compiling stm32f1xx_hal_flash_ex.c...
compiling system_stm32f1xx.c...
compiling stm32f1xx_hal_exti.c...
compiling stm32f1xx_hal_pwr.c...
compiling stm32f1xx_hal_flash.c...
compiling stm32f1xx_hal_dma.c...
linking...
Program Size: Code=8568 RO-data=644 RW-data=24 ZI-data=1168  
FromELF: creating hex file...
"begin\begin.axf" - 0 Error(s), 6 Warning(s).

<h2>Software Packages used:</h2>

Package Vendor: ARM
                http://www.keil.com/pack/ARM.CMSIS.5.8.0.pack
                ARM.CMSIS.5.8.0
                CMSIS (Common Microcontroller Software Interface Standard)
   * Component: CORE Version: 5.5.0

Package Vendor: Keil
                http://www.keil.com/pack/Keil.STM32F1xx_DFP.2.3.0.pack
                Keil.STM32F1xx_DFP.2.3.0
                STMicroelectronics STM32F1 Series Device Support, Drivers and Examples

<h2>Collection of Component include folders:</h2>
  .\RTE\_begin
  C:\Users\qianlong\AppData\Local\Arm\Packs\ARM\CMSIS\5.8.0\CMSIS\Core\Include
  C:\Users\qianlong\AppData\Local\Arm\Packs\Keil\STM32F1xx_DFP\2.3.0\Device\Include

<h2>Collection of Component Files used:</h2>

   * Component: ARM::CMSIS:CORE:5.5.0
      Include file:  CMSIS\Core\Include\tz_context.h
Build Time Elapsed:  00:00:04
</pre>
</body>
</html>
